<?xml version="1.0" encoding="utf-8"?>
<TestRun id="010ec16f-64ce-4c80-82d9-bd32357ed316" name="amir@Y-077 2025-10-14 14:46:02" runUser="yasenka\amir" xmlns="http://microsoft.com/schemas/VisualStudio/TeamTest/2010">
  <Times creation="2025-10-14T14:46:02.2099636+02:00" queuing="2025-10-14T14:46:02.2099640+02:00" start="2025-10-14T14:46:00.1705520+02:00" finish="2025-10-14T14:48:05.3489397+02:00" />
  <TestSettings name="default" id="89cdc6a4-b757-42e2-a1b6-e16d7fad1af4">
    <Deployment runDeploymentRoot="amir_Y-077_2025-10-14_14_46_02" />
  </TestSettings>
  <Results>
    <UnitTestResult executionId="4334b459-924d-4be8-981e-5363a15169d8" testId="08bdd56e-38bc-9a54-c1ac-ec93cb2265ee" testName="YasGMP.Wpf.Smoke.EndToEndSmokeTests.AttachButton_OnWorkOrders_Clicks_StrictOrSkip" computerName="Y-077" duration="00:00:02.8183794" startTime="2025-10-14T14:47:48.1032621+02:00" endTime="2025-10-14T14:47:48.1032624+02:00" testType="13cdc9d9-ddb5-4fa4-a97d-d965ccfc6d4b" outcome="Passed" testListId="8c84fa94-04c1-424b-9868-57a2d4851a1d" relativeResultsDirectory="4334b459-924d-4be8-981e-5363a15169d8" />
    <UnitTestResult executionId="c4a54d30-7436-490f-9e80-eee00ef1dc7f" testId="7a2d2f2f-0a34-5ca6-c401-f31db2b6f34e" testName="YasGMP.Wpf.Smoke.EndToEndSmokeTests.ToolbarToggles_WorkOrders_AddToggle_TogglesOrSkips" computerName="Y-077" duration="00:00:02.9033273" startTime="2025-10-14T14:47:45.2846888+02:00" endTime="2025-10-14T14:47:45.2846890+02:00" testType="13cdc9d9-ddb5-4fa4-a97d-d965ccfc6d4b" outcome="Passed" testListId="8c84fa94-04c1-424b-9868-57a2d4851a1d" relativeResultsDirectory="c4a54d30-7436-490f-9e80-eee00ef1dc7f" />
    <UnitTestResult executionId="866b22aa-28e7-40f2-a75c-b02ddd252bff" testId="94f9e228-44bd-b4dd-efc4-145bc11a11af" testName="YasGMP.Wpf.Smoke.EndToEndSmokeTests.AttachButton_OnParts_Clicks_StrictOrSkip" computerName="Y-077" duration="00:00:10.1233338" startTime="2025-10-14T14:46:11.2990774+02:00" endTime="2025-10-14T14:46:11.2990777+02:00" testType="13cdc9d9-ddb5-4fa4-a97d-d965ccfc6d4b" outcome="Passed" testListId="8c84fa94-04c1-424b-9868-57a2d4851a1d" relativeResultsDirectory="866b22aa-28e7-40f2-a75c-b02ddd252bff" />
    <UnitTestResult executionId="718a8c8d-9d49-449b-a54f-69de19d6d196" testId="723eb268-1847-ca0a-2c49-2c1b03e0bdb2" testName="YasGMP.Wpf.Smoke.EndToEndSmokeTests.AttachButton_OnAssets_ClicksOrSkips" computerName="Y-077" duration="00:00:03.0152157" startTime="2025-10-14T14:48:02.3623717+02:00" endTime="2025-10-14T14:48:02.3623719+02:00" testType="13cdc9d9-ddb5-4fa4-a97d-d965ccfc6d4b" outcome="Passed" testListId="8c84fa94-04c1-424b-9868-57a2d4851a1d" relativeResultsDirectory="718a8c8d-9d49-449b-a54f-69de19d6d196" />
    <UnitTestResult executionId="e578c655-7244-45db-a582-f2fc485687a4" testId="4f7c78d2-54e3-d5d2-8c8c-de6e5a1035c6" testName="YasGMP.Wpf.Smoke.EndToEndSmokeTests.AttachButton_OnWarehouse_Clicks_StrictOrSkip" computerName="Y-077" duration="00:00:02.7442885" startTime="2025-10-14T14:47:59.3470532+02:00" endTime="2025-10-14T14:47:59.3470535+02:00" testType="13cdc9d9-ddb5-4fa4-a97d-d965ccfc6d4b" outcome="Passed" testListId="8c84fa94-04c1-424b-9868-57a2d4851a1d" relativeResultsDirectory="e578c655-7244-45db-a582-f2fc485687a4" />
    <UnitTestResult executionId="3186b19e-e697-4e48-9579-ceba023c05de" testId="6d00613a-a954-7d6c-88e1-ba73e260b652" testName="YasGMP.Wpf.Smoke.EndToEndSmokeTests.AttachButton_OnValidations_Clicks_StrictOrSkip" computerName="Y-077" duration="00:00:02.9214644" startTime="2025-10-14T14:48:05.2839634+02:00" endTime="2025-10-14T14:48:05.2839639+02:00" testType="13cdc9d9-ddb5-4fa4-a97d-d965ccfc6d4b" outcome="Passed" testListId="8c84fa94-04c1-424b-9868-57a2d4851a1d" relativeResultsDirectory="3186b19e-e697-4e48-9579-ceba023c05de" />
    <UnitTestResult executionId="df8b22be-2fcf-4e07-82f0-74ecc5baa3d8" testId="fdbf79a2-d458-88e2-a07f-29dabc9c75d7" testName="YasGMP.Wpf.Smoke.EndToEndSmokeTests.Attach_Click_UpdatesLogs_Or_Skips" computerName="Y-077" duration="00:00:12.9355988" startTime="2025-10-14T14:46:27.6771972+02:00" endTime="2025-10-14T14:46:27.6771977+02:00" testType="13cdc9d9-ddb5-4fa4-a97d-d965ccfc6d4b" outcome="Passed" testListId="8c84fa94-04c1-424b-9868-57a2d4851a1d" relativeResultsDirectory="df8b22be-2fcf-4e07-82f0-74ecc5baa3d8" />
    <UnitTestResult executionId="d9b627bb-18b1-41b5-a0ad-99f88b669bd2" testId="ae798d31-a9ef-d973-b1d0-2e546e4277ee" testName="YasGMP.Wpf.Smoke.EndToEndSmokeTests.AttachButton_OnCalibration_Clicks_StrictOrSkip" computerName="Y-077" duration="00:00:08.2582846" startTime="2025-10-14T14:47:20.2762791+02:00" endTime="2025-10-14T14:47:20.2762797+02:00" testType="13cdc9d9-ddb5-4fa4-a97d-d965ccfc6d4b" outcome="Passed" testListId="8c84fa94-04c1-424b-9868-57a2d4851a1d" relativeResultsDirectory="d9b627bb-18b1-41b5-a0ad-99f88b669bd2" />
    <UnitTestResult executionId="e1ac521f-2746-480f-b9b2-69f1f41c63e8" testId="01a10c78-89b9-b744-bd04-766d20a78ba5" testName="YasGMP.Wpf.Smoke.EndToEndSmokeTests.RunSmokeHarness_LogsOutput_And_RemainsResponsive" computerName="Y-077" duration="00:00:41.6651311" startTime="2025-10-14T14:47:09.3427060+02:00" endTime="2025-10-14T14:47:09.3427062+02:00" testType="13cdc9d9-ddb5-4fa4-a97d-d965ccfc6d4b" outcome="Passed" testListId="8c84fa94-04c1-424b-9868-57a2d4851a1d" relativeResultsDirectory="e1ac521f-2746-480f-b9b2-69f1f41c63e8" />
    <UnitTestResult executionId="dbc04459-f808-4503-8627-8cf938730515" testId="ecac26c4-e7b8-9492-2b77-e3d0ded11d5f" testName="YasGMP.Wpf.Smoke.SmokeHarnessTests.Placeholder_LaunchAndNavigate_Modules" computerName="Y-077" duration="00:00:00.0015694" startTime="2025-10-14T14:46:01.1776722+02:00" endTime="2025-10-14T14:46:01.1776896+02:00" testType="13cdc9d9-ddb5-4fa4-a97d-d965ccfc6d4b" outcome="Passed" testListId="8c84fa94-04c1-424b-9868-57a2d4851a1d" relativeResultsDirectory="dbc04459-f808-4503-8627-8cf938730515" />
    <UnitTestResult executionId="1a5fb4e6-94ed-43dc-98c5-f88ca925efd8" testId="e699489f-00ff-31e1-2d9e-44e076846424" testName="YasGMP.Wpf.Smoke.EndToEndSmokeTests.AttachButton_OnSuppliers_Clicks_StrictOrSkip" computerName="Y-077" duration="00:00:08.4991498" startTime="2025-10-14T14:47:56.6025586+02:00" endTime="2025-10-14T14:47:56.6025591+02:00" testType="13cdc9d9-ddb5-4fa4-a97d-d965ccfc6d4b" outcome="Passed" testListId="8c84fa94-04c1-424b-9868-57a2d4851a1d" relativeResultsDirectory="1a5fb4e6-94ed-43dc-98c5-f88ca925efd8" />
    <UnitTestResult executionId="fb81086f-d19c-4e37-9d9d-ffb22ae43ebb" testId="052fae8e-006d-1ce3-cbd7-eb45b40e5ceb" testName="YasGMP.Wpf.Smoke.EndToEndSmokeTests.OpenCfl_OnWorkOrders_ShowsDialog" computerName="Y-077" duration="00:00:14.6467654" startTime="2025-10-14T14:47:34.9233629+02:00" endTime="2025-10-14T14:47:34.9233634+02:00" testType="13cdc9d9-ddb5-4fa4-a97d-d965ccfc6d4b" outcome="Passed" testListId="8c84fa94-04c1-424b-9868-57a2d4851a1d" relativeResultsDirectory="fb81086f-d19c-4e37-9d9d-ffb22ae43ebb" />
    <UnitTestResult executionId="322862b8-792b-4c6e-b9c3-70d9df21aed7" testId="9dfc29c7-83df-50d7-1d82-be534343667b" testName="YasGMP.Wpf.Smoke.EndToEndSmokeTests.ToolbarToggles_WorkOrders_FindUpdate_StrictOrSkip" computerName="Y-077" duration="00:00:03.4412662" startTime="2025-10-14T14:46:14.7413029+02:00" endTime="2025-10-14T14:46:14.7413033+02:00" testType="13cdc9d9-ddb5-4fa4-a97d-d965ccfc6d4b" outcome="Passed" testListId="8c84fa94-04c1-424b-9868-57a2d4851a1d" relativeResultsDirectory="322862b8-792b-4c6e-b9c3-70d9df21aed7" />
    <UnitTestResult executionId="923e7864-7876-4412-99d0-59dcee466edf" testId="e80bd6e6-853e-153a-ef9f-5c00c438a916" testName="YasGMP.Wpf.Smoke.EndToEndSmokeTests.SaveStateTransitions_WorkOrders_StrictOrSkip" computerName="Y-077" duration="00:00:04.3673987" startTime="2025-10-14T14:47:42.3812514+02:00" endTime="2025-10-14T14:47:42.3812516+02:00" testType="13cdc9d9-ddb5-4fa4-a97d-d965ccfc6d4b" outcome="Passed" testListId="8c84fa94-04c1-424b-9868-57a2d4851a1d" relativeResultsDirectory="923e7864-7876-4412-99d0-59dcee466edf" />
    <UnitTestResult executionId="d4b7afa6-26f6-4e72-941a-91dc6269aefe" testId="e1d23a2a-0bfd-ca38-e2f0-642ef9206e58" testName="YasGMP.Wpf.Smoke.EndToEndSmokeTests.ToolbarToggles_WorkOrders_SaveCancel_TogglesOrSkips" computerName="Y-077" duration="00:00:03.0901506" startTime="2025-10-14T14:47:38.0136309+02:00" endTime="2025-10-14T14:47:38.0136311+02:00" testType="13cdc9d9-ddb5-4fa4-a97d-d965ccfc6d4b" outcome="Passed" testListId="8c84fa94-04c1-424b-9868-57a2d4851a1d" relativeResultsDirectory="d4b7afa6-26f6-4e72-941a-91dc6269aefe" />
    <UnitTestResult executionId="240f7cb1-dfaf-4f01-aea0-7e877472e06c" testId="de43c796-e0b9-0a8a-9294-eb0b39baf26c" testName="YasGMP.Wpf.Smoke.SmokeHarnessTests.SmokeToggle_ReportsDisabledByDefault" computerName="Y-077" duration="00:00:00.0000564" startTime="2025-10-14T14:46:01.1799228+02:00" endTime="2025-10-14T14:46:01.1799228+02:00" testType="13cdc9d9-ddb5-4fa4-a97d-d965ccfc6d4b" outcome="Passed" testListId="8c84fa94-04c1-424b-9868-57a2d4851a1d" relativeResultsDirectory="240f7cb1-dfaf-4f01-aea0-7e877472e06c" />
    <UnitTestResult executionId="5ad9b9df-950f-42c6-8571-6dcaa494ba2d" testId="ed5524f0-a976-4e83-3066-80f27a29f987" testName="YasGMP.Wpf.Smoke.EndToEndSmokeTests.GoldenArrow_FromWorkOrders_Invokes" computerName="Y-077" duration="00:00:02.6749939" startTime="2025-10-14T14:47:12.0178962+02:00" endTime="2025-10-14T14:47:12.0178964+02:00" testType="13cdc9d9-ddb5-4fa4-a97d-d965ccfc6d4b" outcome="Passed" testListId="8c84fa94-04c1-424b-9868-57a2d4851a1d" relativeResultsDirectory="5ad9b9df-950f-42c6-8571-6dcaa494ba2d" />
  </Results>
  <TestDefinitions>
    <UnitTest name="YasGMP.Wpf.Smoke.EndToEndSmokeTests.GoldenArrow_FromWorkOrders_Invokes" storage="c:\github\yasgmp\yasgmp\yasgmp.wpf.smoke\bin\release\net9.0-windows10.0.19041.0\win-x64\yasgmp.wpf.smoke.dll" id="ed5524f0-a976-4e83-3066-80f27a29f987">
      <Execution id="5ad9b9df-950f-42c6-8571-6dcaa494ba2d" />
      <TestMethod codeBase="C:\GitHub\YASGMP\YASGMP\YasGMP.Wpf.Smoke\bin\Release\net9.0-windows10.0.19041.0\win-x64\YasGMP.Wpf.Smoke.dll" adapterTypeName="executor://xunit/VsTestRunner2/netcoreapp" className="YasGMP.Wpf.Smoke.EndToEndSmokeTests" name="GoldenArrow_FromWorkOrders_Invokes" />
    </UnitTest>
    <UnitTest name="YasGMP.Wpf.Smoke.EndToEndSmokeTests.ToolbarToggles_WorkOrders_FindUpdate_StrictOrSkip" storage="c:\github\yasgmp\yasgmp\yasgmp.wpf.smoke\bin\release\net9.0-windows10.0.19041.0\win-x64\yasgmp.wpf.smoke.dll" id="9dfc29c7-83df-50d7-1d82-be534343667b">
      <Execution id="322862b8-792b-4c6e-b9c3-70d9df21aed7" />
      <TestMethod codeBase="C:\GitHub\YASGMP\YASGMP\YasGMP.Wpf.Smoke\bin\Release\net9.0-windows10.0.19041.0\win-x64\YasGMP.Wpf.Smoke.dll" adapterTypeName="executor://xunit/VsTestRunner2/netcoreapp" className="YasGMP.Wpf.Smoke.EndToEndSmokeTests" name="ToolbarToggles_WorkOrders_FindUpdate_StrictOrSkip" />
    </UnitTest>
    <UnitTest name="YasGMP.Wpf.Smoke.EndToEndSmokeTests.AttachButton_OnWarehouse_Clicks_StrictOrSkip" storage="c:\github\yasgmp\yasgmp\yasgmp.wpf.smoke\bin\release\net9.0-windows10.0.19041.0\win-x64\yasgmp.wpf.smoke.dll" id="4f7c78d2-54e3-d5d2-8c8c-de6e5a1035c6">
      <Execution id="e578c655-7244-45db-a582-f2fc485687a4" />
      <TestMethod codeBase="C:\GitHub\YASGMP\YASGMP\YasGMP.Wpf.Smoke\bin\Release\net9.0-windows10.0.19041.0\win-x64\YasGMP.Wpf.Smoke.dll" adapterTypeName="executor://xunit/VsTestRunner2/netcoreapp" className="YasGMP.Wpf.Smoke.EndToEndSmokeTests" name="AttachButton_OnWarehouse_Clicks_StrictOrSkip" />
    </UnitTest>
    <UnitTest name="YasGMP.Wpf.Smoke.EndToEndSmokeTests.RunSmokeHarness_LogsOutput_And_RemainsResponsive" storage="c:\github\yasgmp\yasgmp\yasgmp.wpf.smoke\bin\release\net9.0-windows10.0.19041.0\win-x64\yasgmp.wpf.smoke.dll" id="01a10c78-89b9-b744-bd04-766d20a78ba5">
      <Execution id="e1ac521f-2746-480f-b9b2-69f1f41c63e8" />
      <TestMethod codeBase="C:\GitHub\YASGMP\YASGMP\YasGMP.Wpf.Smoke\bin\Release\net9.0-windows10.0.19041.0\win-x64\YasGMP.Wpf.Smoke.dll" adapterTypeName="executor://xunit/VsTestRunner2/netcoreapp" className="YasGMP.Wpf.Smoke.EndToEndSmokeTests" name="RunSmokeHarness_LogsOutput_And_RemainsResponsive" />
    </UnitTest>
    <UnitTest name="YasGMP.Wpf.Smoke.EndToEndSmokeTests.AttachButton_OnAssets_ClicksOrSkips" storage="c:\github\yasgmp\yasgmp\yasgmp.wpf.smoke\bin\release\net9.0-windows10.0.19041.0\win-x64\yasgmp.wpf.smoke.dll" id="723eb268-1847-ca0a-2c49-2c1b03e0bdb2">
      <Execution id="718a8c8d-9d49-449b-a54f-69de19d6d196" />
      <TestMethod codeBase="C:\GitHub\YASGMP\YASGMP\YasGMP.Wpf.Smoke\bin\Release\net9.0-windows10.0.19041.0\win-x64\YasGMP.Wpf.Smoke.dll" adapterTypeName="executor://xunit/VsTestRunner2/netcoreapp" className="YasGMP.Wpf.Smoke.EndToEndSmokeTests" name="AttachButton_OnAssets_ClicksOrSkips" />
    </UnitTest>
    <UnitTest name="YasGMP.Wpf.Smoke.EndToEndSmokeTests.AttachButton_OnSuppliers_Clicks_StrictOrSkip" storage="c:\github\yasgmp\yasgmp\yasgmp.wpf.smoke\bin\release\net9.0-windows10.0.19041.0\win-x64\yasgmp.wpf.smoke.dll" id="e699489f-00ff-31e1-2d9e-44e076846424">
      <Execution id="1a5fb4e6-94ed-43dc-98c5-f88ca925efd8" />
      <TestMethod codeBase="C:\GitHub\YASGMP\YASGMP\YasGMP.Wpf.Smoke\bin\Release\net9.0-windows10.0.19041.0\win-x64\YasGMP.Wpf.Smoke.dll" adapterTypeName="executor://xunit/VsTestRunner2/netcoreapp" className="YasGMP.Wpf.Smoke.EndToEndSmokeTests" name="AttachButton_OnSuppliers_Clicks_StrictOrSkip" />
    </UnitTest>
    <UnitTest name="YasGMP.Wpf.Smoke.EndToEndSmokeTests.ToolbarToggles_WorkOrders_AddToggle_TogglesOrSkips" storage="c:\github\yasgmp\yasgmp\yasgmp.wpf.smoke\bin\release\net9.0-windows10.0.19041.0\win-x64\yasgmp.wpf.smoke.dll" id="7a2d2f2f-0a34-5ca6-c401-f31db2b6f34e">
      <Execution id="c4a54d30-7436-490f-9e80-eee00ef1dc7f" />
      <TestMethod codeBase="C:\GitHub\YASGMP\YASGMP\YasGMP.Wpf.Smoke\bin\Release\net9.0-windows10.0.19041.0\win-x64\YasGMP.Wpf.Smoke.dll" adapterTypeName="executor://xunit/VsTestRunner2/netcoreapp" className="YasGMP.Wpf.Smoke.EndToEndSmokeTests" name="ToolbarToggles_WorkOrders_AddToggle_TogglesOrSkips" />
    </UnitTest>
    <UnitTest name="YasGMP.Wpf.Smoke.EndToEndSmokeTests.Attach_Click_UpdatesLogs_Or_Skips" storage="c:\github\yasgmp\yasgmp\yasgmp.wpf.smoke\bin\release\net9.0-windows10.0.19041.0\win-x64\yasgmp.wpf.smoke.dll" id="fdbf79a2-d458-88e2-a07f-29dabc9c75d7">
      <Execution id="df8b22be-2fcf-4e07-82f0-74ecc5baa3d8" />
      <TestMethod codeBase="C:\GitHub\YASGMP\YASGMP\YasGMP.Wpf.Smoke\bin\Release\net9.0-windows10.0.19041.0\win-x64\YasGMP.Wpf.Smoke.dll" adapterTypeName="executor://xunit/VsTestRunner2/netcoreapp" className="YasGMP.Wpf.Smoke.EndToEndSmokeTests" name="Attach_Click_UpdatesLogs_Or_Skips" />
    </UnitTest>
    <UnitTest name="YasGMP.Wpf.Smoke.EndToEndSmokeTests.AttachButton_OnParts_Clicks_StrictOrSkip" storage="c:\github\yasgmp\yasgmp\yasgmp.wpf.smoke\bin\release\net9.0-windows10.0.19041.0\win-x64\yasgmp.wpf.smoke.dll" id="94f9e228-44bd-b4dd-efc4-145bc11a11af">
      <Execution id="866b22aa-28e7-40f2-a75c-b02ddd252bff" />
      <TestMethod codeBase="C:\GitHub\YASGMP\YASGMP\YasGMP.Wpf.Smoke\bin\Release\net9.0-windows10.0.19041.0\win-x64\YasGMP.Wpf.Smoke.dll" adapterTypeName="executor://xunit/VsTestRunner2/netcoreapp" className="YasGMP.Wpf.Smoke.EndToEndSmokeTests" name="AttachButton_OnParts_Clicks_StrictOrSkip" />
    </UnitTest>
    <UnitTest name="YasGMP.Wpf.Smoke.EndToEndSmokeTests.AttachButton_OnWorkOrders_Clicks_StrictOrSkip" storage="c:\github\yasgmp\yasgmp\yasgmp.wpf.smoke\bin\release\net9.0-windows10.0.19041.0\win-x64\yasgmp.wpf.smoke.dll" id="08bdd56e-38bc-9a54-c1ac-ec93cb2265ee">
      <Execution id="4334b459-924d-4be8-981e-5363a15169d8" />
      <TestMethod codeBase="C:\GitHub\YASGMP\YASGMP\YasGMP.Wpf.Smoke\bin\Release\net9.0-windows10.0.19041.0\win-x64\YasGMP.Wpf.Smoke.dll" adapterTypeName="executor://xunit/VsTestRunner2/netcoreapp" className="YasGMP.Wpf.Smoke.EndToEndSmokeTests" name="AttachButton_OnWorkOrders_Clicks_StrictOrSkip" />
    </UnitTest>
    <UnitTest name="YasGMP.Wpf.Smoke.EndToEndSmokeTests.AttachButton_OnValidations_Clicks_StrictOrSkip" storage="c:\github\yasgmp\yasgmp\yasgmp.wpf.smoke\bin\release\net9.0-windows10.0.19041.0\win-x64\yasgmp.wpf.smoke.dll" id="6d00613a-a954-7d6c-88e1-ba73e260b652">
      <Execution id="3186b19e-e697-4e48-9579-ceba023c05de" />
      <TestMethod codeBase="C:\GitHub\YASGMP\YASGMP\YasGMP.Wpf.Smoke\bin\Release\net9.0-windows10.0.19041.0\win-x64\YasGMP.Wpf.Smoke.dll" adapterTypeName="executor://xunit/VsTestRunner2/netcoreapp" className="YasGMP.Wpf.Smoke.EndToEndSmokeTests" name="AttachButton_OnValidations_Clicks_StrictOrSkip" />
    </UnitTest>
    <UnitTest name="YasGMP.Wpf.Smoke.SmokeHarnessTests.SmokeToggle_ReportsDisabledByDefault" storage="c:\github\yasgmp\yasgmp\yasgmp.wpf.smoke\bin\release\net9.0-windows10.0.19041.0\win-x64\yasgmp.wpf.smoke.dll" id="de43c796-e0b9-0a8a-9294-eb0b39baf26c">
      <Execution id="240f7cb1-dfaf-4f01-aea0-7e877472e06c" />
      <TestMethod codeBase="C:\GitHub\YASGMP\YASGMP\YasGMP.Wpf.Smoke\bin\Release\net9.0-windows10.0.19041.0\win-x64\YasGMP.Wpf.Smoke.dll" adapterTypeName="executor://xunit/VsTestRunner2/netcoreapp" className="YasGMP.Wpf.Smoke.SmokeHarnessTests" name="SmokeToggle_ReportsDisabledByDefault" />
    </UnitTest>
    <UnitTest name="YasGMP.Wpf.Smoke.SmokeHarnessTests.Placeholder_LaunchAndNavigate_Modules" storage="c:\github\yasgmp\yasgmp\yasgmp.wpf.smoke\bin\release\net9.0-windows10.0.19041.0\win-x64\yasgmp.wpf.smoke.dll" id="ecac26c4-e7b8-9492-2b77-e3d0ded11d5f">
      <Execution id="dbc04459-f808-4503-8627-8cf938730515" />
      <TestMethod codeBase="C:\GitHub\YASGMP\YASGMP\YasGMP.Wpf.Smoke\bin\Release\net9.0-windows10.0.19041.0\win-x64\YasGMP.Wpf.Smoke.dll" adapterTypeName="executor://xunit/VsTestRunner2/netcoreapp" className="YasGMP.Wpf.Smoke.SmokeHarnessTests" name="Placeholder_LaunchAndNavigate_Modules" />
    </UnitTest>
    <UnitTest name="YasGMP.Wpf.Smoke.EndToEndSmokeTests.AttachButton_OnCalibration_Clicks_StrictOrSkip" storage="c:\github\yasgmp\yasgmp\yasgmp.wpf.smoke\bin\release\net9.0-windows10.0.19041.0\win-x64\yasgmp.wpf.smoke.dll" id="ae798d31-a9ef-d973-b1d0-2e546e4277ee">
      <Execution id="d9b627bb-18b1-41b5-a0ad-99f88b669bd2" />
      <TestMethod codeBase="C:\GitHub\YASGMP\YASGMP\YasGMP.Wpf.Smoke\bin\Release\net9.0-windows10.0.19041.0\win-x64\YasGMP.Wpf.Smoke.dll" adapterTypeName="executor://xunit/VsTestRunner2/netcoreapp" className="YasGMP.Wpf.Smoke.EndToEndSmokeTests" name="AttachButton_OnCalibration_Clicks_StrictOrSkip" />
    </UnitTest>
    <UnitTest name="YasGMP.Wpf.Smoke.EndToEndSmokeTests.ToolbarToggles_WorkOrders_SaveCancel_TogglesOrSkips" storage="c:\github\yasgmp\yasgmp\yasgmp.wpf.smoke\bin\release\net9.0-windows10.0.19041.0\win-x64\yasgmp.wpf.smoke.dll" id="e1d23a2a-0bfd-ca38-e2f0-642ef9206e58">
      <Execution id="d4b7afa6-26f6-4e72-941a-91dc6269aefe" />
      <TestMethod codeBase="C:\GitHub\YASGMP\YASGMP\YasGMP.Wpf.Smoke\bin\Release\net9.0-windows10.0.19041.0\win-x64\YasGMP.Wpf.Smoke.dll" adapterTypeName="executor://xunit/VsTestRunner2/netcoreapp" className="YasGMP.Wpf.Smoke.EndToEndSmokeTests" name="ToolbarToggles_WorkOrders_SaveCancel_TogglesOrSkips" />
    </UnitTest>
    <UnitTest name="YasGMP.Wpf.Smoke.EndToEndSmokeTests.OpenCfl_OnWorkOrders_ShowsDialog" storage="c:\github\yasgmp\yasgmp\yasgmp.wpf.smoke\bin\release\net9.0-windows10.0.19041.0\win-x64\yasgmp.wpf.smoke.dll" id="052fae8e-006d-1ce3-cbd7-eb45b40e5ceb">
      <Execution id="fb81086f-d19c-4e37-9d9d-ffb22ae43ebb" />
      <TestMethod codeBase="C:\GitHub\YASGMP\YASGMP\YasGMP.Wpf.Smoke\bin\Release\net9.0-windows10.0.19041.0\win-x64\YasGMP.Wpf.Smoke.dll" adapterTypeName="executor://xunit/VsTestRunner2/netcoreapp" className="YasGMP.Wpf.Smoke.EndToEndSmokeTests" name="OpenCfl_OnWorkOrders_ShowsDialog" />
    </UnitTest>
    <UnitTest name="YasGMP.Wpf.Smoke.EndToEndSmokeTests.SaveStateTransitions_WorkOrders_StrictOrSkip" storage="c:\github\yasgmp\yasgmp\yasgmp.wpf.smoke\bin\release\net9.0-windows10.0.19041.0\win-x64\yasgmp.wpf.smoke.dll" id="e80bd6e6-853e-153a-ef9f-5c00c438a916">
      <Execution id="923e7864-7876-4412-99d0-59dcee466edf" />
      <TestMethod codeBase="C:\GitHub\YASGMP\YASGMP\YasGMP.Wpf.Smoke\bin\Release\net9.0-windows10.0.19041.0\win-x64\YasGMP.Wpf.Smoke.dll" adapterTypeName="executor://xunit/VsTestRunner2/netcoreapp" className="YasGMP.Wpf.Smoke.EndToEndSmokeTests" name="SaveStateTransitions_WorkOrders_StrictOrSkip" />
    </UnitTest>
  </TestDefinitions>
  <TestEntries>
    <TestEntry testId="08bdd56e-38bc-9a54-c1ac-ec93cb2265ee" executionId="4334b459-924d-4be8-981e-5363a15169d8" testListId="8c84fa94-04c1-424b-9868-57a2d4851a1d" />
    <TestEntry testId="7a2d2f2f-0a34-5ca6-c401-f31db2b6f34e" executionId="c4a54d30-7436-490f-9e80-eee00ef1dc7f" testListId="8c84fa94-04c1-424b-9868-57a2d4851a1d" />
    <TestEntry testId="94f9e228-44bd-b4dd-efc4-145bc11a11af" executionId="866b22aa-28e7-40f2-a75c-b02ddd252bff" testListId="8c84fa94-04c1-424b-9868-57a2d4851a1d" />
    <TestEntry testId="723eb268-1847-ca0a-2c49-2c1b03e0bdb2" executionId="718a8c8d-9d49-449b-a54f-69de19d6d196" testListId="8c84fa94-04c1-424b-9868-57a2d4851a1d" />
    <TestEntry testId="4f7c78d2-54e3-d5d2-8c8c-de6e5a1035c6" executionId="e578c655-7244-45db-a582-f2fc485687a4" testListId="8c84fa94-04c1-424b-9868-57a2d4851a1d" />
    <TestEntry testId="6d00613a-a954-7d6c-88e1-ba73e260b652" executionId="3186b19e-e697-4e48-9579-ceba023c05de" testListId="8c84fa94-04c1-424b-9868-57a2d4851a1d" />
    <TestEntry testId="fdbf79a2-d458-88e2-a07f-29dabc9c75d7" executionId="df8b22be-2fcf-4e07-82f0-74ecc5baa3d8" testListId="8c84fa94-04c1-424b-9868-57a2d4851a1d" />
    <TestEntry testId="ae798d31-a9ef-d973-b1d0-2e546e4277ee" executionId="d9b627bb-18b1-41b5-a0ad-99f88b669bd2" testListId="8c84fa94-04c1-424b-9868-57a2d4851a1d" />
    <TestEntry testId="01a10c78-89b9-b744-bd04-766d20a78ba5" executionId="e1ac521f-2746-480f-b9b2-69f1f41c63e8" testListId="8c84fa94-04c1-424b-9868-57a2d4851a1d" />
    <TestEntry testId="ecac26c4-e7b8-9492-2b77-e3d0ded11d5f" executionId="dbc04459-f808-4503-8627-8cf938730515" testListId="8c84fa94-04c1-424b-9868-57a2d4851a1d" />
    <TestEntry testId="e699489f-00ff-31e1-2d9e-44e076846424" executionId="1a5fb4e6-94ed-43dc-98c5-f88ca925efd8" testListId="8c84fa94-04c1-424b-9868-57a2d4851a1d" />
    <TestEntry testId="052fae8e-006d-1ce3-cbd7-eb45b40e5ceb" executionId="fb81086f-d19c-4e37-9d9d-ffb22ae43ebb" testListId="8c84fa94-04c1-424b-9868-57a2d4851a1d" />
    <TestEntry testId="9dfc29c7-83df-50d7-1d82-be534343667b" executionId="322862b8-792b-4c6e-b9c3-70d9df21aed7" testListId="8c84fa94-04c1-424b-9868-57a2d4851a1d" />
    <TestEntry testId="e80bd6e6-853e-153a-ef9f-5c00c438a916" executionId="923e7864-7876-4412-99d0-59dcee466edf" testListId="8c84fa94-04c1-424b-9868-57a2d4851a1d" />
    <TestEntry testId="e1d23a2a-0bfd-ca38-e2f0-642ef9206e58" executionId="d4b7afa6-26f6-4e72-941a-91dc6269aefe" testListId="8c84fa94-04c1-424b-9868-57a2d4851a1d" />
    <TestEntry testId="de43c796-e0b9-0a8a-9294-eb0b39baf26c" executionId="240f7cb1-dfaf-4f01-aea0-7e877472e06c" testListId="8c84fa94-04c1-424b-9868-57a2d4851a1d" />
    <TestEntry testId="ed5524f0-a976-4e83-3066-80f27a29f987" executionId="5ad9b9df-950f-42c6-8571-6dcaa494ba2d" testListId="8c84fa94-04c1-424b-9868-57a2d4851a1d" />
  </TestEntries>
  <TestLists>
    <TestList name="Results Not in a List" id="8c84fa94-04c1-424b-9868-57a2d4851a1d" />
    <TestList name="All Loaded Results" id="19431567-8539-422a-85d7-44ee4e166bda" />
  </TestLists>
  <ResultSummary outcome="Completed">
    <Counters total="17" executed="17" passed="17" failed="0" error="0" timeout="0" aborted="0" inconclusive="0" passedButRunAborted="0" notRunnable="0" notExecuted="0" disconnected="0" warning="0" completed="0" inProgress="0" pending="0" />
    <Output>
      <StdOut>[xUnit.net 00:00:00.00] xUnit.net VSTest Adapter v2.5.7+8f2703126a (64-bit .NET 9.0.9)&#xD;
[xUnit.net 00:00:00.41]   Discovering: YasGMP.Wpf.Smoke&#xD;
[xUnit.net 00:00:00.44]   Discovered:  YasGMP.Wpf.Smoke&#xD;
[xUnit.net 00:00:00.44]   Starting:    YasGMP.Wpf.Smoke&#xD;
info: Microsoft.Hosting.Lifetime[0]&#xD;
      Application started. Press Ctrl+C to shut down.&#xD;
info: Microsoft.Hosting.Lifetime[0]&#xD;
      Hosting environment: Production&#xD;
info: Microsoft.Hosting.Lifetime[0]&#xD;
      Content root path: C:\GitHub\YASGMP\YASGMP\YasGMP.Wpf.Smoke\bin\Release\net9.0-windows10.0.19041.0\win-x64&#xD;
info: Microsoft.Hosting.Lifetime[0]&#xD;
      Application is shutting down...&#xD;
info: Microsoft.Hosting.Lifetime[0]&#xD;
      Application started. Press Ctrl+C to shut down.&#xD;
info: Microsoft.Hosting.Lifetime[0]&#xD;
      Hosting environment: Production&#xD;
info: Microsoft.Hosting.Lifetime[0]&#xD;
      Content root path: C:\GitHub\YASGMP\YASGMP\YasGMP.Wpf.Smoke\bin\Release\net9.0-windows10.0.19041.0\win-x64&#xD;
info: Microsoft.Hosting.Lifetime[0]&#xD;
      Application is shutting down...&#xD;
info: Microsoft.Hosting.Lifetime[0]&#xD;
      Application started. Press Ctrl+C to shut down.&#xD;
info: Microsoft.Hosting.Lifetime[0]&#xD;
      Hosting environment: Production&#xD;
info: Microsoft.Hosting.Lifetime[0]&#xD;
      Content root path: C:\GitHub\YASGMP\YASGMP\YasGMP.Wpf.Smoke\bin\Release\net9.0-windows10.0.19041.0\win-x64&#xD;
warn: Microsoft.EntityFrameworkCore.Model.Validation[10625]&#xD;
      The foreign key property 'Calibration.ComponentId1' was created in shadow state because a conflicting property with the simple name 'ComponentId' exists in the entity type, but is either not mapped, is already used for another relationship, or is incompatible with the associated primary key type. See https://aka.ms/efcore-relationships for information on mapping relationships in EF Core.&#xD;
warn: Microsoft.EntityFrameworkCore.Model.Validation[10625]&#xD;
      The foreign key property 'CapaCase.ComponentId1' was created in shadow state because a conflicting property with the simple name 'ComponentId' exists in the entity type, but is either not mapped, is already used for another relationship, or is incompatible with the associated primary key type. See https://aka.ms/efcore-relationships for information on mapping relationships in EF Core.&#xD;
warn: Microsoft.EntityFrameworkCore.Model.Validation[10625]&#xD;
      The foreign key property 'UserPermission.PermissionId1' was created in shadow state because a conflicting property with the simple name 'PermissionId' exists in the entity type, but is either not mapped, is already used for another relationship, or is incompatible with the associated primary key type. See https://aka.ms/efcore-relationships for information on mapping relationships in EF Core.&#xD;
warn: Microsoft.EntityFrameworkCore.Model.Validation[10625]&#xD;
      The foreign key property 'UserPermission.UserId1' was created in shadow state because a conflicting property with the simple name 'UserId' exists in the entity type, but is either not mapped, is already used for another relationship, or is incompatible with the associated primary key type. See https://aka.ms/efcore-relationships for information on mapping relationships in EF Core.&#xD;
warn: Microsoft.EntityFrameworkCore.Model.Validation[10625]&#xD;
      The foreign key property 'WorkOrder.ComponentId1' was created in shadow state because a conflicting property with the simple name 'ComponentId' exists in the entity type, but is either not mapped, is already used for another relationship, or is incompatible with the associated primary key type. See https://aka.ms/efcore-relationships for information on mapping relationships in EF Core.&#xD;
fail: Microsoft.EntityFrameworkCore.Database.Command[20102]&#xD;
      Failed executing DbCommand (4ms) [Parameters=[@__sha256_0='?' (Size = 64), @__fileSize_1='?' (DbType = Int64)], CommandType='Text', CommandTimeout='30']&#xD;
      SELECT `a`.`id`, `a`.`ai_score`, `a`.`approved_at`, `a`.`approved_by_id`, `a`.`chain_id`, `a`.`ChangeControlId`, `a`.`change_version`, `a`.`created_at`, `a`.`DeviationId`, `a`.`device_info`, `a`.`digital_signature`, `a`.`encrypted`, `a`.`encryption_metadata`, `a`.`entity_id`, `a`.`entity_type`, `a`.`expiry_date`, `a`.`ExternalContractorId`, `a`.`file_content`, `a`.`file_name`, `a`.`file_path`, `a`.`file_size`, `a`.`file_type`, `a`.`IncidentActionId`, `a`.`IncidentId`, `a`.`IncidentReportId`, `a`.`ip_address`, `a`.`is_approved`, `a`.`is_deleted`, `a`.`MaintenanceExecutionLogId`, `a`.`name`, `a`.`note`, `a`.`notes`, `a`.`NotificationId`, `a`.`NotificationLogId`, `a`.`ocr_text`, `a`.`PartUsageId`, `a`.`session_id`, `a`.`sha256`, `a`.`soft_deleted_at`, `a`.`SparePartId`, `a`.`status`, `a`.`tenant_id`, `a`.`TrainingRecordId`, `a`.`updated_at`, `a`.`uploaded_at`, `a`.`uploaded_by_id`, `a`.`version_uid`&#xD;
      FROM `attachments` AS `a`&#xD;
      WHERE (`a`.`sha256` = @__sha256_0) AND (`a`.`file_size` = @__fileSize_1)&#xD;
      LIMIT 1&#xD;
fail: Microsoft.EntityFrameworkCore.Query[10100]&#xD;
      An exception occurred while iterating over the results of a query for context type 'YasGMP.Data.YasGmpDbContext'.&#xD;
      MySqlConnector.MySqlException (0x80004005): Unknown column 'a.encrypted' in 'field list'&#xD;
         at MySqlConnector.Core.ServerSession.ReceiveReplyAsync(IOBehavior ioBehavior, CancellationToken cancellationToken) in /_/src/MySqlConnector/Core/ServerSession.cs:line 1081&#xD;
         at MySqlConnector.Core.ResultSet.ReadResultSetHeaderAsync(IOBehavior ioBehavior) in /_/src/MySqlConnector/Core/ResultSet.cs:line 37&#xD;
         at MySqlConnector.MySqlDataReader.ActivateResultSet(CancellationToken cancellationToken) in /_/src/MySqlConnector/MySqlDataReader.cs:line 131&#xD;
         at MySqlConnector.MySqlDataReader.InitAsync(CommandListPosition commandListPosition, ICommandPayloadCreator payloadCreator, IDictionary`2 cachedProcedures, IMySqlCommand command, CommandBehavior behavior, Activity activity, IOBehavior ioBehavior, CancellationToken cancellationToken) in /_/src/MySqlConnector/MySqlDataReader.cs:line 487&#xD;
         at MySqlConnector.Core.CommandExecutor.ExecuteReaderAsync(CommandListPosition commandListPosition, ICommandPayloadCreator payloadCreator, CommandBehavior behavior, Activity activity, IOBehavior ioBehavior, CancellationToken cancellationToken) in /_/src/MySqlConnector/Core/CommandExecutor.cs:line 56&#xD;
         at MySqlConnector.MySqlCommand.ExecuteReaderAsync(CommandBehavior behavior, IOBehavior ioBehavior, CancellationToken cancellationToken) in /_/src/MySqlConnector/MySqlCommand.cs:line 357&#xD;
         at MySqlConnector.MySqlCommand.ExecuteDbDataReaderAsync(CommandBehavior behavior, CancellationToken cancellationToken) in /_/src/MySqlConnector/MySqlCommand.cs:line 350&#xD;
         at Microsoft.EntityFrameworkCore.Storage.RelationalCommand.ExecuteReaderAsync(RelationalCommandParameterObject parameterObject, CancellationToken cancellationToken)&#xD;
         at Microsoft.EntityFrameworkCore.Storage.RelationalCommand.ExecuteReaderAsync(RelationalCommandParameterObject parameterObject, CancellationToken cancellationToken)&#xD;
         at Microsoft.EntityFrameworkCore.Query.Internal.SingleQueryingEnumerable`1.AsyncEnumerator.InitializeReaderAsync(AsyncEnumerator enumerator, CancellationToken cancellationToken)&#xD;
         at Pomelo.EntityFrameworkCore.MySql.Storage.Internal.MySqlExecutionStrategy.ExecuteAsync[TState,TResult](TState state, Func`4 operation, Func`4 verifySucceeded, CancellationToken cancellationToken)&#xD;
         at Microsoft.EntityFrameworkCore.Query.Internal.SingleQueryingEnumerable`1.AsyncEnumerator.MoveNextAsync()&#xD;
      MySqlConnector.MySqlException (0x80004005): Unknown column 'a.encrypted' in 'field list'&#xD;
         at MySqlConnector.Core.ServerSession.ReceiveReplyAsync(IOBehavior ioBehavior, CancellationToken cancellationToken) in /_/src/MySqlConnector/Core/ServerSession.cs:line 1081&#xD;
         at MySqlConnector.Core.ResultSet.ReadResultSetHeaderAsync(IOBehavior ioBehavior) in /_/src/MySqlConnector/Core/ResultSet.cs:line 37&#xD;
         at MySqlConnector.MySqlDataReader.ActivateResultSet(CancellationToken cancellationToken) in /_/src/MySqlConnector/MySqlDataReader.cs:line 131&#xD;
         at MySqlConnector.MySqlDataReader.InitAsync(CommandListPosition commandListPosition, ICommandPayloadCreator payloadCreator, IDictionary`2 cachedProcedures, IMySqlCommand command, CommandBehavior behavior, Activity activity, IOBehavior ioBehavior, CancellationToken cancellationToken) in /_/src/MySqlConnector/MySqlDataReader.cs:line 487&#xD;
         at MySqlConnector.Core.CommandExecutor.ExecuteReaderAsync(CommandListPosition commandListPosition, ICommandPayloadCreator payloadCreator, CommandBehavior behavior, Activity activity, IOBehavior ioBehavior, CancellationToken cancellationToken) in /_/src/MySqlConnector/Core/CommandExecutor.cs:line 56&#xD;
         at MySqlConnector.MySqlCommand.ExecuteReaderAsync(CommandBehavior behavior, IOBehavior ioBehavior, CancellationToken cancellationToken) in /_/src/MySqlConnector/MySqlCommand.cs:line 357&#xD;
         at MySqlConnector.MySqlCommand.ExecuteDbDataReaderAsync(CommandBehavior behavior, CancellationToken cancellationToken) in /_/src/MySqlConnector/MySqlCommand.cs:line 350&#xD;
         at Microsoft.EntityFrameworkCore.Storage.RelationalCommand.ExecuteReaderAsync(RelationalCommandParameterObject parameterObject, CancellationToken cancellationToken)&#xD;
         at Microsoft.EntityFrameworkCore.Storage.RelationalCommand.ExecuteReaderAsync(RelationalCommandParameterObject parameterObject, CancellationToken cancellationToken)&#xD;
         at Microsoft.EntityFrameworkCore.Query.Internal.SingleQueryingEnumerable`1.AsyncEnumerator.InitializeReaderAsync(AsyncEnumerator enumerator, CancellationToken cancellationToken)&#xD;
         at Pomelo.EntityFrameworkCore.MySql.Storage.Internal.MySqlExecutionStrategy.ExecuteAsync[TState,TResult](TState state, Func`4 operation, Func`4 verifySucceeded, CancellationToken cancellationToken)&#xD;
         at Microsoft.EntityFrameworkCore.Query.Internal.SingleQueryingEnumerable`1.AsyncEnumerator.MoveNextAsync()&#xD;
info: Microsoft.Hosting.Lifetime[0]&#xD;
      Application is shutting down...&#xD;
info: Microsoft.Hosting.Lifetime[0]&#xD;
      Application started. Press Ctrl+C to shut down.&#xD;
info: Microsoft.Hosting.Lifetime[0]&#xD;
      Hosting environment: Production&#xD;
info: Microsoft.Hosting.Lifetime[0]&#xD;
      Content root path: C:\GitHub\YASGMP\YASGMP\YasGMP.Wpf.Smoke\bin\Release\net9.0-windows10.0.19041.0\win-x64&#xD;
info: Microsoft.Hosting.Lifetime[0]&#xD;
      Application is shutting down...&#xD;
info: Microsoft.Hosting.Lifetime[0]&#xD;
      Application started. Press Ctrl+C to shut down.&#xD;
info: Microsoft.Hosting.Lifetime[0]&#xD;
      Hosting environment: Production&#xD;
info: Microsoft.Hosting.Lifetime[0]&#xD;
      Content root path: C:\GitHub\YASGMP\YASGMP\YasGMP.Wpf.Smoke\bin\Release\net9.0-windows10.0.19041.0\win-x64&#xD;
info: Microsoft.Hosting.Lifetime[0]&#xD;
      Application is shutting down...&#xD;
info: Microsoft.Hosting.Lifetime[0]&#xD;
      Application started. Press Ctrl+C to shut down.&#xD;
info: Microsoft.Hosting.Lifetime[0]&#xD;
      Hosting environment: Production&#xD;
info: Microsoft.Hosting.Lifetime[0]&#xD;
      Content root path: C:\GitHub\YASGMP\YASGMP\YasGMP.Wpf.Smoke\bin\Release\net9.0-windows10.0.19041.0\win-x64&#xD;
info: Microsoft.Hosting.Lifetime[0]&#xD;
      Application is shutting down...&#xD;
info: Microsoft.Hosting.Lifetime[0]&#xD;
      Application started. Press Ctrl+C to shut down.&#xD;
info: Microsoft.Hosting.Lifetime[0]&#xD;
      Hosting environment: Production&#xD;
info: Microsoft.Hosting.Lifetime[0]&#xD;
      Content root path: C:\GitHub\YASGMP\YASGMP\YasGMP.Wpf.Smoke\bin\Release\net9.0-windows10.0.19041.0\win-x64&#xD;
Application failed to exit&#xD;
info: Microsoft.Hosting.Lifetime[0]&#xD;
      Application started. Press Ctrl+C to shut down.&#xD;
info: Microsoft.Hosting.Lifetime[0]&#xD;
      Hosting environment: Production&#xD;
info: Microsoft.Hosting.Lifetime[0]&#xD;
      Content root path: C:\GitHub\YASGMP\YASGMP\YasGMP.Wpf.Smoke\bin\Release\net9.0-windows10.0.19041.0\win-x64&#xD;
info: Microsoft.Hosting.Lifetime[0]&#xD;
      Application is shutting down...&#xD;
info: Microsoft.Hosting.Lifetime[0]&#xD;
      Application started. Press Ctrl+C to shut down.&#xD;
info: Microsoft.Hosting.Lifetime[0]&#xD;
      Hosting environment: Production&#xD;
info: Microsoft.Hosting.Lifetime[0]&#xD;
      Content root path: C:\GitHub\YASGMP\YASGMP\YasGMP.Wpf.Smoke\bin\Release\net9.0-windows10.0.19041.0\win-x64&#xD;
info: Microsoft.Hosting.Lifetime[0]&#xD;
      Application is shutting down...&#xD;
info: Microsoft.Hosting.Lifetime[0]&#xD;
      Application started. Press Ctrl+C to shut down.&#xD;
info: Microsoft.Hosting.Lifetime[0]&#xD;
      Hosting environment: Production&#xD;
info: Microsoft.Hosting.Lifetime[0]&#xD;
      Content root path: C:\GitHub\YASGMP\YASGMP\YasGMP.Wpf.Smoke\bin\Release\net9.0-windows10.0.19041.0\win-x64&#xD;
info: Microsoft.Hosting.Lifetime[0]&#xD;
      Application is shutting down...&#xD;
info: Microsoft.Hosting.Lifetime[0]&#xD;
      Application started. Press Ctrl+C to shut down.&#xD;
info: Microsoft.Hosting.Lifetime[0]&#xD;
      Hosting environment: Production&#xD;
info: Microsoft.Hosting.Lifetime[0]&#xD;
      Content root path: C:\GitHub\YASGMP\YASGMP\YasGMP.Wpf.Smoke\bin\Release\net9.0-windows10.0.19041.0\win-x64&#xD;
info: Microsoft.Hosting.Lifetime[0]&#xD;
      Application is shutting down...&#xD;
info: Microsoft.Hosting.Lifetime[0]&#xD;
      Application started. Press Ctrl+C to shut down.&#xD;
info: Microsoft.Hosting.Lifetime[0]&#xD;
      Hosting environment: Production&#xD;
info: Microsoft.Hosting.Lifetime[0]&#xD;
      Content root path: C:\GitHub\YASGMP\YASGMP\YasGMP.Wpf.Smoke\bin\Release\net9.0-windows10.0.19041.0\win-x64&#xD;
info: Microsoft.Hosting.Lifetime[0]&#xD;
      Application is shutting down...&#xD;
info: Microsoft.Hosting.Lifetime[0]&#xD;
      Application started. Press Ctrl+C to shut down.&#xD;
info: Microsoft.Hosting.Lifetime[0]&#xD;
      Hosting environment: Production&#xD;
info: Microsoft.Hosting.Lifetime[0]&#xD;
      Content root path: C:\GitHub\YASGMP\YASGMP\YasGMP.Wpf.Smoke\bin\Release\net9.0-windows10.0.19041.0\win-x64&#xD;
info: Microsoft.Hosting.Lifetime[0]&#xD;
      Application is shutting down...&#xD;
info: Microsoft.Hosting.Lifetime[0]&#xD;
      Application started. Press Ctrl+C to shut down.&#xD;
info: Microsoft.Hosting.Lifetime[0]&#xD;
      Hosting environment: Production&#xD;
info: Microsoft.Hosting.Lifetime[0]&#xD;
      Content root path: C:\GitHub\YASGMP\YASGMP\YasGMP.Wpf.Smoke\bin\Release\net9.0-windows10.0.19041.0\win-x64&#xD;
info: Microsoft.Hosting.Lifetime[0]&#xD;
      Application is shutting down...&#xD;
info: Microsoft.Hosting.Lifetime[0]&#xD;
      Application started. Press Ctrl+C to shut down.&#xD;
info: Microsoft.Hosting.Lifetime[0]&#xD;
      Hosting environment: Production&#xD;
info: Microsoft.Hosting.Lifetime[0]&#xD;
      Content root path: C:\GitHub\YASGMP\YASGMP\YasGMP.Wpf.Smoke\bin\Release\net9.0-windows10.0.19041.0\win-x64&#xD;
info: Microsoft.Hosting.Lifetime[0]&#xD;
      Application is shutting down...&#xD;
[xUnit.net 00:02:04.59]   Finished:    YasGMP.Wpf.Smoke&#xD;
</StdOut>
    </Output>
  </ResultSummary>
</TestRun>